// 重构日志: 9ac15bbd
// 重构日志: 6f31ec31
// 重构日志: 77fe6acf
// 同步 ID: 86f6bf77 @ Wed Jul 29 05:33:38 UTC 2026
// 同步 ID: 078b05ff @ Wed Jul 29 13:34:48 UTC 2026
// 重构日志: e48a2b7a
// 重构日志: dbfd0654
// 同步 ID: ec4ac579 @ Thu Jul 30 07:25:53 UTC 2026
// 同步 ID: 5db10513 @ Thu Jul 30 12:44:17 UTC 2026
// 重构日志: 4b415354
// 重构日志: 8eaf9552
// 同步 ID: 53119a2d @ Fri Jul 31 17:32:45 UTC 2026
// 重构日志: 8f6ce976
// 重构日志: 1630fbb2
// 重构日志: bc5d87fe
// 重构日志: 77be37c5
// 重构日志: 34087feb
// 同步 ID: 657fb9a4 @ Sun Aug  2 16:43:32 UTC 2026
// 重构日志: d89be298
// 重构日志: 06789846
// 重构日志: b7afe6ee
// 重构日志: 23fd2a76
// 同步 ID: f792bf63 @ Mon Aug  3 18:07:23 UTC 2026
// 重构日志: 444dd834
// 同步 ID: 256b7113 @ Tue Aug  4 07:51:39 UTC 2026
// 同步 ID: 8045229e @ Tue Aug  4 17:46:52 UTC 2026
// 同步 ID: f45ca455 @ Wed Aug  5 18:09:27 UTC 2026
// 重构日志: 9470a72f
// 同步 ID: 7047393d @ Fri Aug  7 01:44:03 UTC 2026
// 同步 ID: 0fec8f4a @ Fri Aug  7 06:32:02 UTC 2026
// 重构日志: 06963083
